parsing
catch all:  
its an identifier
{
catch all:  
catch all:  
catch all:  
catch all:  
catch all:  
its a decimal constant: 2
its a punctuator
}
finished parsing, start compiling
creating visitor
top of tree
function definition
direct declarator
direct declarator
going to visit parameters: 0xb0edc0
0
compound satement
statement list: 0
generating tabs
constant int value
