parsing
catch all:  
its an identifier
{
catch all:  
catch all:  
catch all:  
catch all:  
catch all:  
its a decimal constant: 3
its a punctuator
}
finished parsing, start compiling
creating visitor
top of tree
D
DD
DD
ID
reading
